txnid: unique-morphed-transaction
amount: 100.0
productinfo: Product
