txnid: unique-money-transaction
amount: 100.0
productinfo: Product
